#-----------------------------------------------------------
# Vivado v2019.2 (64-bit)
# SW Build 2708876 on Wed Nov  6 21:40:23 MST 2019
# IP Build 2700528 on Thu Nov  7 00:09:20 MST 2019
# Start of session at: Sun Aug 27 10:26:49 2023
# Process ID: 2492
# Current directory: D:/GitLocal/BIT-pipelined-cpu/copied-cpu
# Command line: vivado.exe -gui_launcher_event rodinguilauncherevent20720 D:\GitLocal\BIT-pipelined-cpu\copied-cpu\pipelined-zanpu.xpr
# Log file: D:/GitLocal/BIT-pipelined-cpu/copied-cpu/vivado.log
# Journal file: D:/GitLocal/BIT-pipelined-cpu/copied-cpu\vivado.jou
#-----------------------------------------------------------
start_gui
open_project D:/GitLocal/BIT-pipelined-cpu/copied-cpu/pipelined-zanpu.xpr
update_compile_order -fileset sources_1
save_project_as BIT_pipelined_cpu E:/Xilinx/MyVivadoStudy/BIT_pipelined_cpu -force
launch_simulation
set_property source_mgmt_mode DisplayOnly [current_project]
reorder_files -after E:/Xilinx/MyVivadoStudy/BIT_pipelined_cpu/BIT_pipelined_cpu.srcs/sources_1/new/alu.v E:/Xilinx/MyVivadoStudy/BIT_pipelined_cpu/BIT_pipelined_cpu.srcs/sources_1/new/alu.v
add_files -norecurse E:/Xilinx/MyVivadoStudy/BIT_pipelined_cpu/BIT_pipelined_cpu.srcs/sources_1/new/definitions.vh
launch_simulation
source testbench.tcl
current_wave_config {Untitled 1}
add_wave {{/testbench/u_zanpu_top/u_register_file}} 
current_wave_config {Untitled 1}
add_wave {{/testbench/u_zanpu_top/u_instruction_memory}} 
relaunch_sim
current_wave_config {Untitled 1}
add_wave {{/testbench/u_zanpu_top/u_extend}} 
# Disabling source management mode.  This is to allow the top design properties to be set without GUI intervention.
set_property source_mgmt_mode None [current_project]
set_property top alu [current_fileset]
# Re-enabling previously disabled source management mode.
set_property source_mgmt_mode DisplayOnly [current_project]
current_wave_config {Untitled 1}
add_wave {{/testbench/u_zanpu_top/u_alu}} 
relaunch_sim
current_wave_config {Untitled 1}
add_wave {{/testbench/u_zanpu_top/u_pc}} 
relaunch_sim
current_wave_config {Untitled 1}
add_wave {{/testbench/u_zanpu_top/u_npc}} 
relaunch_sim
current_wave_config {Untitled 1}
add_wave {{/testbench/u_zanpu_top/u_branch_judge}} 
current_wave_config {Untitled 1}
add_wave {{/testbench/u_zanpu_top/u_branch_judge}} 
relaunch_sim
close_sim
launch_simulation
source testbench.tcl
current_wave_config {Untitled 2}
add_wave {{/testbench/u_zanpu_top/u_branch_judge}} 
relaunch_sim
current_wave_config {Untitled 2}
add_wave {{/testbench/u_zanpu_top/u_register_file}} 
current_wave_config {Untitled 2}
add_wave {{/testbench/u_zanpu_top/u_control_unit}} 
current_wave_config {Untitled 2}
add_wave {{/testbench/u_zanpu_top/u_alu}} 
relaunch_sim
current_wave_config {Untitled 2}
add_wave {{/testbench/u_zanpu_top/u_instruction_memory}} 
close_sim
launch_simulation
source testbench.tcl
current_wave_config {Untitled 3}
add_wave {{/testbench/u_zanpu_top/u_pc}} 
current_wave_config {Untitled 3}
add_wave {{/testbench/u_zanpu_top/u_instruction_memory}} 
current_wave_config {Untitled 3}
add_wave {{/testbench/u_zanpu_top/u_register_file}} 
export_ip_user_files -of_objects  [get_files E:/Xilinx/MyVivadoStudy/BIT_pipelined_cpu/BIT_pipelined_cpu.srcs/sources_1/new/branch_judge.v] -no_script -reset -force -quiet
remove_files  E:/Xilinx/MyVivadoStudy/BIT_pipelined_cpu/BIT_pipelined_cpu.srcs/sources_1/new/branch_judge.v
close [ open E:/Xilinx/MyVivadoStudy/BIT_pipelined_cpu/BIT_pipelined_cpu.srcs/sources_1/new/hazard_unit.v w ]
add_files E:/Xilinx/MyVivadoStudy/BIT_pipelined_cpu/BIT_pipelined_cpu.srcs/sources_1/new/hazard_unit.v
close [ open E:/Xilinx/MyVivadoStudy/BIT_pipelined_cpu/BIT_pipelined_cpu.srcs/sources_1/new/branch.v w ]
add_files E:/Xilinx/MyVivadoStudy/BIT_pipelined_cpu/BIT_pipelined_cpu.srcs/sources_1/new/branch.v
export_ip_user_files -of_objects  [get_files E:/Xilinx/MyVivadoStudy/BIT_pipelined_cpu/BIT_pipelined_cpu.srcs/sources_1/new/stall_unit.v] -no_script -reset -force -quiet
remove_files  E:/Xilinx/MyVivadoStudy/BIT_pipelined_cpu/BIT_pipelined_cpu.srcs/sources_1/new/stall_unit.v
file delete -force E:/Xilinx/MyVivadoStudy/BIT_pipelined_cpu/BIT_pipelined_cpu.srcs/sources_1/new/stall_unit.v
close_sim
close [ open E:/Xilinx/MyVivadoStudy/BIT_pipelined_cpu/BIT_pipelined_cpu.srcs/sources_1/new/BIT_cpu.v w ]
add_files E:/Xilinx/MyVivadoStudy/BIT_pipelined_cpu/BIT_pipelined_cpu.srcs/sources_1/new/BIT_cpu.v
export_ip_user_files -of_objects  [get_files E:/Xilinx/MyVivadoStudy/BIT_pipelined_cpu/BIT_pipelined_cpu.srcs/sources_1/new/zanpu_top.v] -no_script -reset -force -quiet
remove_files  E:/Xilinx/MyVivadoStudy/BIT_pipelined_cpu/BIT_pipelined_cpu.srcs/sources_1/new/zanpu_top.v
file delete -force E:/Xilinx/MyVivadoStudy/BIT_pipelined_cpu/BIT_pipelined_cpu.srcs/sources_1/new/zanpu_top.v
